// Jest Snapshot v1, https://goo.gl/fbAQLP

exports[`<Loading/> renders the <Loading.ReleaseBody/> 1`] = `null`;

exports[`<Loading/> renders the <Loading/> component 1`] = `
<div
  class="sc-bczRLJ fusYbW"
  data-testid="loading"
>
  <img
    class="sc-gsnTZi bruBxL"
    data-testid="loading-picture"
    src="/images/users//images/karl.png.png"
  />
</div>
`;
